#-----------------------------------------------------------
# Webtalk v2020.2 (64-bit)
# SW Build 3064766 on Wed Nov 18 09:12:45 MST 2020
# IP Build 3064653 on Wed Nov 18 14:17:31 MST 2020
# Start of session at: Wed Apr 26 09:37:07 2023
# Process ID: 10976
# Current directory: C:/Users/xolsia00/Desktop/git/project/de1-project/de1-project/de1-project.sim/sim_1/behav/xsim
# Command line: wbtcv.exe -mode batch -source C:/Users/xolsia00/Desktop/git/project/de1-project/de1-project/de1-project.sim/sim_1/behav/xsim/xsim.dir/morse_decoder_behav/webtalk/xsim_webtalk.tcl -notrace
# Log file: C:/Users/xolsia00/Desktop/git/project/de1-project/de1-project/de1-project.sim/sim_1/behav/xsim/webtalk.log
# Journal file: C:/Users/xolsia00/Desktop/git/project/de1-project/de1-project/de1-project.sim/sim_1/behav/xsim\webtalk.jou
#-----------------------------------------------------------
source C:/Users/xolsia00/Desktop/git/project/de1-project/de1-project/de1-project.sim/sim_1/behav/xsim/xsim.dir/morse_decoder_behav/webtalk/xsim_webtalk.tcl -notrace
